ROM
RAAM
BANDGAI
patagobee
SHYUM
gopaal
mengo
ohk
rhaul
